error[E0271]: type mismatch resolving `<users::table as AppearsInFromClause<posts::table>>::Count == diesel::query_source::Once`
  --> tests/fail/boxed_queries_require_selectable_expression_for_order.rs:21:37
   |
21 |     users::table.into_boxed::<Pg>().order(posts::title.desc());
   |                                     ^^^^^ expected struct `diesel::query_source::Never`, found struct `diesel::query_source::Once`
   |
note: required because of the requirements on the impl of `AppearsOnTable<users::table>` for `posts::columns::title`
  --> tests/fail/boxed_queries_require_selectable_expression_for_order.rs:13:1
   |
13 | / table! {
14 | |     posts {
15 | |         id -> Integer,
16 | |         title -> VarChar,
17 | |     }
18 | | }
   | |_^
   = note: 1 redundant requirement hidden
   = note: required because of the requirements on the impl of `AppearsOnTable<users::table>` for `diesel::expression::operators::Desc<posts::columns::title>`
   = note: required because of the requirements on the impl of `OrderDsl<diesel::expression::operators::Desc<posts::columns::title>>` for `BoxedSelectStatement<'_, (diesel::sql_types::Integer, diesel::sql_types::Text), FromClause<users::table>, Pg>`
   = note: this error originates in the macro `$crate::__diesel_column` which comes from the expansion of the macro `table` (in Nightly builds, run with -Z macro-backtrace for more info)

error[E0277]: the trait bound `users::table: TableNotEqual<posts::table>` is not satisfied
  --> tests/fail/boxed_queries_require_selectable_expression_for_order.rs:21:37
   |
21 |     users::table.into_boxed::<Pg>().order(posts::title.desc());
   |                                     ^^^^^ the trait `TableNotEqual<posts::table>` is not implemented for `users::table`
   |
   = help: the following other types implement trait `TableNotEqual<T>`:
             <Only<pg::metadata_lookup::pg_namespace::table> as TableNotEqual<pg::metadata_lookup::pg_type::table>>
             <Only<pg::metadata_lookup::pg_type::table> as TableNotEqual<pg::metadata_lookup::pg_namespace::table>>
             <pg::metadata_lookup::pg_namespace::table as TableNotEqual<Only<pg::metadata_lookup::pg_type::table>>>
             <pg::metadata_lookup::pg_namespace::table as TableNotEqual<pg::metadata_lookup::pg_type::table>>
             <pg::metadata_lookup::pg_type::table as TableNotEqual<Only<pg::metadata_lookup::pg_namespace::table>>>
             <pg::metadata_lookup::pg_type::table as TableNotEqual<pg::metadata_lookup::pg_namespace::table>>
   = note: required because of the requirements on the impl of `AppearsInFromClause<posts::table>` for `users::table`
note: required because of the requirements on the impl of `AppearsOnTable<users::table>` for `posts::columns::title`
  --> tests/fail/boxed_queries_require_selectable_expression_for_order.rs:13:1
   |
13 | / table! {
14 | |     posts {
15 | |         id -> Integer,
16 | |         title -> VarChar,
17 | |     }
18 | | }
   | |_^
   = note: 1 redundant requirement hidden
   = note: required because of the requirements on the impl of `AppearsOnTable<users::table>` for `diesel::expression::operators::Desc<posts::columns::title>`
   = note: required because of the requirements on the impl of `OrderDsl<diesel::expression::operators::Desc<posts::columns::title>>` for `BoxedSelectStatement<'_, (diesel::sql_types::Integer, diesel::sql_types::Text), FromClause<users::table>, Pg>`
   = note: this error originates in the macro `$crate::__diesel_column` which comes from the expansion of the macro `table` (in Nightly builds, run with -Z macro-backtrace for more info)
