---
source: diesel_cli/tests/migration_generate.rs
description: "Test: diff_table_filter"
---
// @generated automatically by Diesel CLI.

diesel::table! {
    table_a (id) {
        id -> Int8,
        script -> Varchar,
    }
}

