---
source: diesel_cli/tests/migration_generate.rs
description: "Test: diff_table_filter"
---
-- Your SQL goes here
ALTER TABLE "table_a" DROP COLUMN "code";
ALTER TABLE "table_a" ADD COLUMN "script" TEXT NOT NULL;


